// Jest Snapshot v1, https://goo.gl/fbAQLP

exports[`App renders correctly 1`] = `
<div
  className="pul-alert pul-alert--info"
>
  <span
    className="pul-icon"
  >
    <img
      alt=""
      src="images/info.png"
    />
  </span>
   
  Server time: 
  2017-08-16 12:06:57
</div>
`;
